0	0,1,
1	0,1,
2	0,1,
128	0,1,
129	0,1,
130	0,1,
256	0,1,2,
257	0,1,2,
258	0,
384	0,1,3,
385	1,
386	3,
512	0,1,
513	0,
514	0,
768	0,6,
769	6,
770	0,1,6,
896	0,7,
897	0,1,7,
898	0,1,7,
