0	0,
1	
2	
128	
129	
130	
256	
257	
258	
384	
385	
386	
512	
513	
514	
768	
769	
770	
896	
897	
898	
