0	0,1,2,3,4,5,6,7,
1	0,1,2,3,4,5,6,7,
2	0,1,2,3,4,5,6,7,
128	0,1,2,3,4,5,6,7,
129	0,1,2,3,4,5,6,7,
130	0,1,2,3,4,5,6,7,
256	0,1,2,3,4,5,6,7,
257	0,1,2,3,4,5,6,7,
258	0,1,2,3,4,5,6,7,
384	0,1,2,3,4,5,6,7,
385	0,1,2,3,4,5,6,7,
386	0,1,2,3,4,5,6,7,
512	0,1,2,3,4,5,6,7,
513	0,1,2,3,4,5,6,7,
514	0,1,2,3,4,5,6,7,
768	0,1,2,3,4,5,6,7,
769	0,1,2,3,4,5,6,7,
770	0,1,2,3,4,5,6,7,
896	0,1,2,3,4,5,6,7,
897	0,1,2,3,4,5,6,7,
898	0,1,2,3,4,5,6,7,
