0	0,1,
1	0,1,
2	0,1,
128	0,1,
129	0,1,
130	0,1,
256	
257	2,
258	
384	3,
385	3,
386	3,
512	
513	0,
514	
768	0,1,6,
769	0,1,6,
770	0,1,6,
896	7,
897	0,1,7,
898	7,
