0	0,1,
1	1,
2	0,1,
128	0,1,
129	0,1,
130	1,
256	1,2,
257	0,1,2,
258	0,
384	0,1,3,
385	
386	
512	0,
513	0,
514	0,
768	6,
769	
770	0,1,6,
896	0,7,
897	7,
898	0,1,7,
