I/O options:
  database file   : ref.fasta
  query file      : tmp/valik/my_dir/query_1_0.fasta
  alphabet        : dna
  output file     : tmp/valik/my_dir/query_1_0.fasta.gff
  output format   : gff

User specified parameters:
  minimal match length             : 50
  maximal error rate (epsilon)     : 0.02 = (1/50)
  maximal x-drop                   : 5
  search forward strand            : yes
  search reverse complement        : yes

  verification strategy            : exact
  maximal number of matches        : 50
  duplicate removal every          : 500
  max low complexity repeat period : 1
  min low complexity repeat length : 10

Calculated parameters:
  k-mer length : 25
  s^min        : 25
  threshold    : 1
  distance cut : 25
  delta        : 16
  overlap      : 0

Loaded 3 query sequences.
Loaded sequence chr2.

Constructing index...

Aligning all query sequences to database sequence...
  chr2
    # SWIFT hits      : 220
    Longest hit       : 25
    Avg hit length    : 25
  chr2, complement

# Eps-matches     : 220
Longest eps-match : 150
Avg match length  : 150


I/O options:
  database file   : ref.fasta
  query file      : tmp/valik/my_dir/query_1_1.fasta
  alphabet        : dna
  output file     : tmp/valik/my_dir/query_1_1.fasta.gff
  output format   : gff

User specified parameters:
  minimal match length             : 50
  maximal error rate (epsilon)     : 0.02 = (1/50)
  maximal x-drop                   : 5
  search forward strand            : yes
  search reverse complement        : yes

  verification strategy            : exact
  maximal number of matches        : 50
  duplicate removal every          : 500
  max low complexity repeat period : 1
  min low complexity repeat length : 10

Calculated parameters:
  k-mer length : 25
  s^min        : 25
  threshold    : 1
  distance cut : 25
  delta        : 16
  overlap      : 0

Loaded 3 query sequences.
Loaded sequence chr2.

Constructing index...

Aligning all query sequences to database sequence...
  chr2
    # SWIFT hits      : 141
    Longest hit       : 25
    Avg hit length    : 25
  chr2, complement
    # SWIFT hits      : 63
    Longest hit       : 25
    Avg hit length    : 25

# Eps-matches     : 204
Longest eps-match : 150
Avg match length  : 150


I/O options:
  database file   : ref.fasta
  query file      : tmp/valik/my_dir/query_0_0.fasta
  alphabet        : dna
  output file     : tmp/valik/my_dir/query_0_0.fasta.gff
  output format   : gff

User specified parameters:
  minimal match length             : 50
  maximal error rate (epsilon)     : 0.02 = (1/50)
  maximal x-drop                   : 5
  search forward strand            : yes
  search reverse complement        : yes

  verification strategy            : exact
  maximal number of matches        : 50
  duplicate removal every          : 500
  max low complexity repeat period : 1
  min low complexity repeat length : 10

Calculated parameters:
  k-mer length : 25
  s^min        : 25
  threshold    : 1
  distance cut : 25
  delta        : 16
  overlap      : 0

Loaded 3 query sequences.
Loaded sequence chr1.

Constructing index...

Aligning all query sequences to database sequence...
  chr1
    # SWIFT hits      : 96
    Longest hit       : 25
    Avg hit length    : 25
  chr1, complement
    # SWIFT hits      : 63
    Longest hit       : 25
    Avg hit length    : 25

# Eps-matches     : 159
Longest eps-match : 150
Avg match length  : 138


I/O options:
  database file   : ref.fasta
  query file      : tmp/valik/my_dir/query_2_0.fasta
  alphabet        : dna
  output file     : tmp/valik/my_dir/query_2_0.fasta.gff
  output format   : gff

User specified parameters:
  minimal match length             : 50
  maximal error rate (epsilon)     : 0.02 = (1/50)
  maximal x-drop                   : 5
  search forward strand            : yes
  search reverse complement        : yes

  verification strategy            : exact
  maximal number of matches        : 50
  duplicate removal every          : 500
  max low complexity repeat period : 1
  min low complexity repeat length : 10

Calculated parameters:
  k-mer length : 25
  s^min        : 25
  threshold    : 1
  distance cut : 25
  delta        : 16
  overlap      : 0

Loaded 3 query sequences.
Loaded sequence chr3.

Constructing index...

Aligning all query sequences to database sequence...
  chr3
    # SWIFT hits      : 213
    Longest hit       : 25
    Avg hit length    : 25
  chr3, complement

# Eps-matches     : 213
Longest eps-match : 150
Avg match length  : 150


I/O options:
  database file   : ref.fasta
  query file      : tmp/valik/my_dir/query_1_2.fasta
  alphabet        : dna
  output file     : tmp/valik/my_dir/query_1_2.fasta.gff
  output format   : gff

User specified parameters:
  minimal match length             : 50
  maximal error rate (epsilon)     : 0.02 = (1/50)
  maximal x-drop                   : 5
  search forward strand            : yes
  search reverse complement        : yes

  verification strategy            : exact
  maximal number of matches        : 50
  duplicate removal every          : 500
  max low complexity repeat period : 1
  min low complexity repeat length : 10

Calculated parameters:
  k-mer length : 25
  s^min        : 25
  threshold    : 1
  distance cut : 25
  delta        : 16
  overlap      : 0

Loaded 3 query sequences.
Loaded sequence chr2.

Constructing index...

Aligning all query sequences to database sequence...
  chr2
    # SWIFT hits      : 213
    Longest hit       : 25
    Avg hit length    : 25
  chr2, complement

# Eps-matches     : 213
Longest eps-match : 150
Avg match length  : 150


I/O options:
  database file   : ref.fasta
  query file      : tmp/valik/my_dir/query_1_3.fasta
  alphabet        : dna
  output file     : tmp/valik/my_dir/query_1_3.fasta.gff
  output format   : gff

User specified parameters:
  minimal match length             : 50
  maximal error rate (epsilon)     : 0.02 = (1/50)
  maximal x-drop                   : 5
  search forward strand            : yes
  search reverse complement        : yes

  verification strategy            : exact
  maximal number of matches        : 50
  duplicate removal every          : 500
  max low complexity repeat period : 1
  min low complexity repeat length : 10

Calculated parameters:
  k-mer length : 25
  s^min        : 25
  threshold    : 1
  distance cut : 25
  delta        : 16
  overlap      : 0

Loaded 3 query sequences.
Loaded sequence chr2.

Constructing index...

Aligning all query sequences to database sequence...
  chr2
  chr2, complement
    # SWIFT hits      : 169
    Longest hit       : 25
    Avg hit length    : 25

# Eps-matches     : 169
Longest eps-match : 150
Avg match length  : 150


I/O options:
  database file   : ref.fasta
  query file      : tmp/valik/my_dir/query_2_1.fasta
  alphabet        : dna
  output file     : tmp/valik/my_dir/query_2_1.fasta.gff
  output format   : gff

User specified parameters:
  minimal match length             : 50
  maximal error rate (epsilon)     : 0.02 = (1/50)
  maximal x-drop                   : 5
  search forward strand            : yes
  search reverse complement        : yes

  verification strategy            : exact
  maximal number of matches        : 50
  duplicate removal every          : 500
  max low complexity repeat period : 1
  min low complexity repeat length : 10

Calculated parameters:
  k-mer length : 25
  s^min        : 25
  threshold    : 1
  distance cut : 25
  delta        : 16
  overlap      : 0

Loaded 3 query sequences.
Loaded sequence chr3.

Constructing index...

Aligning all query sequences to database sequence...
  chr3
  chr3, complement
    # SWIFT hits      : 172
    Longest hit       : 25
    Avg hit length    : 25

# Eps-matches     : 172
Longest eps-match : 150
Avg match length  : 150


I/O options:
  database file   : ref.fasta
  query file      : tmp/valik/my_dir/query_0_1.fasta
  alphabet        : dna
  output file     : tmp/valik/my_dir/query_0_1.fasta.gff
  output format   : gff

User specified parameters:
  minimal match length             : 50
  maximal error rate (epsilon)     : 0.02 = (1/50)
  maximal x-drop                   : 5
  search forward strand            : yes
  search reverse complement        : yes

  verification strategy            : exact
  maximal number of matches        : 50
  duplicate removal every          : 500
  max low complexity repeat period : 1
  min low complexity repeat length : 10

Calculated parameters:
  k-mer length : 25
  s^min        : 25
  threshold    : 1
  distance cut : 25
  delta        : 16
  overlap      : 0

Loaded 3 query sequences.
Loaded sequence chr1.

Constructing index...

Aligning all query sequences to database sequence...
  chr1
    # SWIFT hits      : 64
    Longest hit       : 25
    Avg hit length    : 25
  chr1, complement
    # SWIFT hits      : 168
    Longest hit       : 25
    Avg hit length    : 25

# Eps-matches     : 232
Longest eps-match : 152
Avg match length  : 150


I/O options:
  database file   : ref.fasta
  query file      : tmp/valik/my_dir/query_3_0.fasta
  alphabet        : dna
  output file     : tmp/valik/my_dir/query_3_0.fasta.gff
  output format   : gff

User specified parameters:
  minimal match length             : 50
  maximal error rate (epsilon)     : 0.02 = (1/50)
  maximal x-drop                   : 5
  search forward strand            : yes
  search reverse complement        : yes

  verification strategy            : exact
  maximal number of matches        : 50
  duplicate removal every          : 500
  max low complexity repeat period : 1
  min low complexity repeat length : 10

Calculated parameters:
  k-mer length : 25
  s^min        : 25
  threshold    : 1
  distance cut : 25
  delta        : 16
  overlap      : 0

Loaded 3 query sequences.
Loaded sequence chr3.

Constructing index...

Aligning all query sequences to database sequence...
  chr3
    # SWIFT hits      : 64
    Longest hit       : 25
    Avg hit length    : 25
  chr3, complement
    # SWIFT hits      : 64
    Longest hit       : 25
    Avg hit length    : 25

# Eps-matches     : 128
Longest eps-match : 150
Avg match length  : 150


I/O options:
  database file   : ref.fasta
  query file      : tmp/valik/my_dir/query_1_4.fasta
  alphabet        : dna
  output file     : tmp/valik/my_dir/query_1_4.fasta.gff
  output format   : gff

User specified parameters:
  minimal match length             : 50
  maximal error rate (epsilon)     : 0.02 = (1/50)
  maximal x-drop                   : 5
  search forward strand            : yes
  search reverse complement        : yes

  verification strategy            : exact
  maximal number of matches        : 50
  duplicate removal every          : 500
  max low complexity repeat period : 1
  min low complexity repeat length : 10

Calculated parameters:
  k-mer length : 25
  s^min        : 25
  threshold    : 1
  distance cut : 25
  delta        : 16
  overlap      : 0

Loaded 3 query sequences.
Loaded sequence chr2.

Constructing index...

Aligning all query sequences to database sequence...
  chr2
    # SWIFT hits      : 63
    Longest hit       : 25
    Avg hit length    : 25
  chr2, complement
    # SWIFT hits      : 168
    Longest hit       : 25
    Avg hit length    : 25

# Eps-matches     : 231
Longest eps-match : 152
Avg match length  : 150


I/O options:
  database file   : ref.fasta
  query file      : tmp/valik/my_dir/query_1_5.fasta
  alphabet        : dna
  output file     : tmp/valik/my_dir/query_1_5.fasta.gff
  output format   : gff

User specified parameters:
  minimal match length             : 50
  maximal error rate (epsilon)     : 0.02 = (1/50)
  maximal x-drop                   : 5
  search forward strand            : yes
  search reverse complement        : yes

  verification strategy            : exact
  maximal number of matches        : 50
  duplicate removal every          : 500
  max low complexity repeat period : 1
  min low complexity repeat length : 10

Calculated parameters:
  k-mer length : 25
  s^min        : 25
  threshold    : 1
  distance cut : 25
  delta        : 16
  overlap      : 0

Loaded 3 query sequences.
Loaded sequence chr2.

Constructing index...

Aligning all query sequences to database sequence...
  chr2
    # SWIFT hits      : 236
    Longest hit       : 25
    Avg hit length    : 25
  chr2, complement

# Eps-matches     : 236
Longest eps-match : 150
Avg match length  : 143


I/O options:
  database file   : ref.fasta
  query file      : tmp/valik/my_dir/query_2_2.fasta
  alphabet        : dna
  output file     : tmp/valik/my_dir/query_2_2.fasta.gff
  output format   : gff

User specified parameters:
  minimal match length             : 50
  maximal error rate (epsilon)     : 0.02 = (1/50)
  maximal x-drop                   : 5
  search forward strand            : yes
  search reverse complement        : yes

  verification strategy            : exact
  maximal number of matches        : 50
  duplicate removal every          : 500
  max low complexity repeat period : 1
  min low complexity repeat length : 10

Calculated parameters:
  k-mer length : 25
  s^min        : 25
  threshold    : 1
  distance cut : 25
  delta        : 16
  overlap      : 0

Loaded 3 query sequences.
Loaded sequence chr3.

Constructing index...

Aligning all query sequences to database sequence...
  chr3
    # SWIFT hits      : 163
    Longest hit       : 25
    Avg hit length    : 25
  chr3, complement
    # SWIFT hits      : 101
    Longest hit       : 25
    Avg hit length    : 25

# Eps-matches     : 264
Longest eps-match : 152
Avg match length  : 150


I/O options:
  database file   : ref.fasta
  query file      : tmp/valik/my_dir/query_3_1.fasta
  alphabet        : dna
  output file     : tmp/valik/my_dir/query_3_1.fasta.gff
  output format   : gff

User specified parameters:
  minimal match length             : 50
  maximal error rate (epsilon)     : 0.02 = (1/50)
  maximal x-drop                   : 5
  search forward strand            : yes
  search reverse complement        : yes

  verification strategy            : exact
  maximal number of matches        : 50
  duplicate removal every          : 500
  max low complexity repeat period : 1
  min low complexity repeat length : 10

Calculated parameters:
  k-mer length : 25
  s^min        : 25
  threshold    : 1
  distance cut : 25
  delta        : 16
  overlap      : 0

Loaded 3 query sequences.
Loaded sequence chr3.

Constructing index...

Aligning all query sequences to database sequence...
  chr3
    # SWIFT hits      : 149
    Longest hit       : 25
    Avg hit length    : 25
  chr3, complement
    # SWIFT hits      : 64
    Longest hit       : 25
    Avg hit length    : 25

# Eps-matches     : 213
Longest eps-match : 150
Avg match length  : 150


I/O options:
  database file   : ref.fasta
  query file      : tmp/valik/my_dir/query_1_6.fasta
  alphabet        : dna
  output file     : tmp/valik/my_dir/query_1_6.fasta.gff
  output format   : gff

User specified parameters:
  minimal match length             : 50
  maximal error rate (epsilon)     : 0.02 = (1/50)
  maximal x-drop                   : 5
  search forward strand            : yes
  search reverse complement        : yes

  verification strategy            : exact
  maximal number of matches        : 50
  duplicate removal every          : 500
  max low complexity repeat period : 1
  min low complexity repeat length : 10

Calculated parameters:
  k-mer length : 25
  s^min        : 25
  threshold    : 1
  distance cut : 25
  delta        : 16
  overlap      : 0

Loaded 3 query sequences.
Loaded sequence chr2.

Constructing index...

Aligning all query sequences to database sequence...
  chr2
    # SWIFT hits      : 73
    Longest hit       : 25
    Avg hit length    : 25
  chr2, complement
    # SWIFT hits      : 147
    Longest hit       : 25
    Avg hit length    : 25

# Eps-matches     : 220
Longest eps-match : 150
Avg match length  : 150


I/O options:
  database file   : ref.fasta
  query file      : tmp/valik/my_dir/query_4_0.fasta
  alphabet        : dna
  output file     : tmp/valik/my_dir/query_4_0.fasta.gff
  output format   : gff

User specified parameters:
  minimal match length             : 50
  maximal error rate (epsilon)     : 0.02 = (1/50)
  maximal x-drop                   : 5
  search forward strand            : yes
  search reverse complement        : yes

  verification strategy            : exact
  maximal number of matches        : 50
  duplicate removal every          : 500
  max low complexity repeat period : 1
  min low complexity repeat length : 10

Calculated parameters:
  k-mer length : 25
  s^min        : 25
  threshold    : 1
  distance cut : 25
  delta        : 16
  overlap      : 0

Loaded 1 query sequence.
Loaded sequence repeat_region .

Constructing index...

Aligning all query sequences to database sequence...
  repeat_region 
  repeat_region , complement

# Eps-matches     : 0


I/O options:
  database file   : ref.fasta
  query file      : tmp/valik/my_dir/query_3_2.fasta
  alphabet        : dna
  output file     : tmp/valik/my_dir/query_3_2.fasta.gff
  output format   : gff

User specified parameters:
  minimal match length             : 50
  maximal error rate (epsilon)     : 0.02 = (1/50)
  maximal x-drop                   : 5
  search forward strand            : yes
  search reverse complement        : yes

  verification strategy            : exact
  maximal number of matches        : 50
  duplicate removal every          : 500
  max low complexity repeat period : 1
  min low complexity repeat length : 10

Calculated parameters:
  k-mer length : 25
  s^min        : 25
  threshold    : 1
  distance cut : 25
  delta        : 16
  overlap      : 0

Loaded 2 query sequences.
Loaded sequence chr3.

Constructing index...

Aligning all query sequences to database sequence...
  chr3
  chr3, complement
    # SWIFT hits      : 152
    Longest hit       : 25
    Avg hit length    : 25

# Eps-matches     : 152
Longest eps-match : 150
Avg match length  : 150


I/O options:
  database file   : ref.fasta
  query file      : tmp/valik/my_dir/query_2_3.fasta
  alphabet        : dna
  output file     : tmp/valik/my_dir/query_2_3.fasta.gff
  output format   : gff

User specified parameters:
  minimal match length             : 50
  maximal error rate (epsilon)     : 0.02 = (1/50)
  maximal x-drop                   : 5
  search forward strand            : yes
  search reverse complement        : yes

  verification strategy            : exact
  maximal number of matches        : 50
  duplicate removal every          : 500
  max low complexity repeat period : 1
  min low complexity repeat length : 10

Calculated parameters:
  k-mer length : 25
  s^min        : 25
  threshold    : 1
  distance cut : 25
  delta        : 16
  overlap      : 0

Loaded 2 query sequences.
Loaded sequence chr3.

Constructing index...

Aligning all query sequences to database sequence...
  chr3
  chr3, complement
    # SWIFT hits      : 150
    Longest hit       : 25
    Avg hit length    : 25

# Eps-matches     : 150
Longest eps-match : 150
Avg match length  : 150


I/O options:
  database file   : ref.fasta
  query file      : tmp/valik/my_dir/query_0_2.fasta
  alphabet        : dna
  output file     : tmp/valik/my_dir/query_0_2.fasta.gff
  output format   : gff

User specified parameters:
  minimal match length             : 50
  maximal error rate (epsilon)     : 0.02 = (1/50)
  maximal x-drop                   : 5
  search forward strand            : yes
  search reverse complement        : yes

  verification strategy            : exact
  maximal number of matches        : 50
  duplicate removal every          : 500
  max low complexity repeat period : 1
  min low complexity repeat length : 10

Calculated parameters:
  k-mer length : 25
  s^min        : 25
  threshold    : 1
  distance cut : 25
  delta        : 16
  overlap      : 0

Loaded 2 query sequences.
Loaded sequence chr1.

Constructing index...

Aligning all query sequences to database sequence...
  chr1
    # SWIFT hits      : 73
    Longest hit       : 25
    Avg hit length    : 25
  chr1, complement
    # SWIFT hits      : 83
    Longest hit       : 25
    Avg hit length    : 25

# Eps-matches     : 156
Longest eps-match : 150
Avg match length  : 150


I/O options:
  database file   : ref.fasta
  query file      : tmp/valik/my_dir/query_1_7.fasta
  alphabet        : dna
  output file     : tmp/valik/my_dir/query_1_7.fasta.gff
  output format   : gff

User specified parameters:
  minimal match length             : 50
  maximal error rate (epsilon)     : 0.02 = (1/50)
  maximal x-drop                   : 5
  search forward strand            : yes
  search reverse complement        : yes

  verification strategy            : exact
  maximal number of matches        : 50
  duplicate removal every          : 500
  max low complexity repeat period : 1
  min low complexity repeat length : 10

Calculated parameters:
  k-mer length : 25
  s^min        : 25
  threshold    : 1
  distance cut : 25
  delta        : 16
  overlap      : 0

Loaded 3 query sequences.
Loaded sequence chr2.

Constructing index...

Aligning all query sequences to database sequence...
  chr2
  chr2, complement
    # SWIFT hits      : 142
    Longest hit       : 25
    Avg hit length    : 25

# Eps-matches     : 142
Longest eps-match : 150
Avg match length  : 150


I/O options:
  database file   : ref.fasta
  query file      : tmp/valik/my_dir/query_2_4.fasta
  alphabet        : dna
  output file     : tmp/valik/my_dir/query_2_4.fasta.gff
  output format   : gff

User specified parameters:
  minimal match length             : 50
  maximal error rate (epsilon)     : 0.02 = (1/50)
  maximal x-drop                   : 5
  search forward strand            : yes
  search reverse complement        : yes

  verification strategy            : exact
  maximal number of matches        : 50
  duplicate removal every          : 500
  max low complexity repeat period : 1
  min low complexity repeat length : 10

Calculated parameters:
  k-mer length : 25
  s^min        : 25
  threshold    : 1
  distance cut : 25
  delta        : 16
  overlap      : 0

Loaded 3 query sequences.
Loaded sequence chr3.

Constructing index...

Aligning all query sequences to database sequence...
  chr3
    # SWIFT hits      : 141
    Longest hit       : 25
    Avg hit length    : 25
  chr3, complement
    # SWIFT hits      : 63
    Longest hit       : 25
    Avg hit length    : 25

# Eps-matches     : 204
Longest eps-match : 150
Avg match length  : 150


I/O options:
  database file   : ref.fasta
  query file      : tmp/valik/my_dir/query_0_3.fasta
  alphabet        : dna
  output file     : tmp/valik/my_dir/query_0_3.fasta.gff
  output format   : gff

User specified parameters:
  minimal match length             : 50
  maximal error rate (epsilon)     : 0.02 = (1/50)
  maximal x-drop                   : 5
  search forward strand            : yes
  search reverse complement        : yes

  verification strategy            : exact
  maximal number of matches        : 50
  duplicate removal every          : 500
  max low complexity repeat period : 1
  min low complexity repeat length : 10

Calculated parameters:
  k-mer length : 25
  s^min        : 25
  threshold    : 1
  distance cut : 25
  delta        : 16
  overlap      : 0

Loaded 3 query sequences.
Loaded sequence chr1.

Constructing index...

Aligning all query sequences to database sequence...
  chr1
  chr1, complement
    # SWIFT hits      : 230
    Longest hit       : 25
    Avg hit length    : 25

# Eps-matches     : 230
Longest eps-match : 150
Avg match length  : 150


I/O options:
  database file   : ref.fasta
  query file      : tmp/valik/my_dir/query_1_8.fasta
  alphabet        : dna
  output file     : tmp/valik/my_dir/query_1_8.fasta.gff
  output format   : gff

User specified parameters:
  minimal match length             : 50
  maximal error rate (epsilon)     : 0.02 = (1/50)
  maximal x-drop                   : 5
  search forward strand            : yes
  search reverse complement        : yes

  verification strategy            : exact
  maximal number of matches        : 50
  duplicate removal every          : 500
  max low complexity repeat period : 1
  min low complexity repeat length : 10

Calculated parameters:
  k-mer length : 25
  s^min        : 25
  threshold    : 1
  distance cut : 25
  delta        : 16
  overlap      : 0

Loaded 3 query sequences.
Loaded sequence chr2.

Constructing index...

Aligning all query sequences to database sequence...
  chr2
  chr2, complement
    # SWIFT hits      : 230
    Longest hit       : 25
    Avg hit length    : 25

# Eps-matches     : 230
Longest eps-match : 150
Avg match length  : 150


I/O options:
  database file   : ref.fasta
  query file      : tmp/valik/my_dir/query_2_5.fasta
  alphabet        : dna
  output file     : tmp/valik/my_dir/query_2_5.fasta.gff
  output format   : gff

User specified parameters:
  minimal match length             : 50
  maximal error rate (epsilon)     : 0.02 = (1/50)
  maximal x-drop                   : 5
  search forward strand            : yes
  search reverse complement        : yes

  verification strategy            : exact
  maximal number of matches        : 50
  duplicate removal every          : 500
  max low complexity repeat period : 1
  min low complexity repeat length : 10

Calculated parameters:
  k-mer length : 25
  s^min        : 25
  threshold    : 1
  distance cut : 25
  delta        : 16
  overlap      : 0

Loaded 3 query sequences.
Loaded sequence chr3.

Constructing index...

Aligning all query sequences to database sequence...
  chr3
  chr3, complement
    # SWIFT hits      : 230
    Longest hit       : 25
    Avg hit length    : 25

# Eps-matches     : 230
Longest eps-match : 150
Avg match length  : 150


I/O options:
  database file   : ref.fasta
  query file      : tmp/valik/my_dir/query_0_4.fasta
  alphabet        : dna
  output file     : tmp/valik/my_dir/query_0_4.fasta.gff
  output format   : gff

User specified parameters:
  minimal match length             : 50
  maximal error rate (epsilon)     : 0.02 = (1/50)
  maximal x-drop                   : 5
  search forward strand            : yes
  search reverse complement        : yes

  verification strategy            : exact
  maximal number of matches        : 50
  duplicate removal every          : 500
  max low complexity repeat period : 1
  min low complexity repeat length : 10

Calculated parameters:
  k-mer length : 25
  s^min        : 25
  threshold    : 1
  distance cut : 25
  delta        : 16
  overlap      : 0

Loaded 3 query sequences.
Loaded sequence chr1.

Constructing index...

Aligning all query sequences to database sequence...
  chr1
    # SWIFT hits      : 142
    Longest hit       : 25
    Avg hit length    : 25
  chr1, complement
    # SWIFT hits      : 62
    Longest hit       : 25
    Avg hit length    : 25

# Eps-matches     : 204
Longest eps-match : 150
Avg match length  : 150


I/O options:
  database file   : ref.fasta
  query file      : tmp/valik/my_dir/query_1_9.fasta
  alphabet        : dna
  output file     : tmp/valik/my_dir/query_1_9.fasta.gff
  output format   : gff

User specified parameters:
  minimal match length             : 50
  maximal error rate (epsilon)     : 0.02 = (1/50)
  maximal x-drop                   : 5
  search forward strand            : yes
  search reverse complement        : yes

  verification strategy            : exact
  maximal number of matches        : 50
  duplicate removal every          : 500
  max low complexity repeat period : 1
  min low complexity repeat length : 10

Calculated parameters:
  k-mer length : 25
  s^min        : 25
  threshold    : 1
  distance cut : 25
  delta        : 16
  overlap      : 0

Loaded 3 query sequences.
Loaded sequence chr2.

Constructing index...

Aligning all query sequences to database sequence...
  chr2
    # SWIFT hits      : 142
    Longest hit       : 25
    Avg hit length    : 25
  chr2, complement
    # SWIFT hits      : 62
    Longest hit       : 25
    Avg hit length    : 25

# Eps-matches     : 204
Longest eps-match : 150
Avg match length  : 150


I/O options:
  database file   : ref.fasta
  query file      : tmp/valik/my_dir/query_2_6.fasta
  alphabet        : dna
  output file     : tmp/valik/my_dir/query_2_6.fasta.gff
  output format   : gff

User specified parameters:
  minimal match length             : 50
  maximal error rate (epsilon)     : 0.02 = (1/50)
  maximal x-drop                   : 5
  search forward strand            : yes
  search reverse complement        : yes

  verification strategy            : exact
  maximal number of matches        : 50
  duplicate removal every          : 500
  max low complexity repeat period : 1
  min low complexity repeat length : 10

Calculated parameters:
  k-mer length : 25
  s^min        : 25
  threshold    : 1
  distance cut : 25
  delta        : 16
  overlap      : 0

Loaded 3 query sequences.
Loaded sequence chr3.

Constructing index...

Aligning all query sequences to database sequence...
  chr3
    # SWIFT hits      : 142
    Longest hit       : 25
    Avg hit length    : 25
  chr3, complement
    # SWIFT hits      : 62
    Longest hit       : 25
    Avg hit length    : 25

# Eps-matches     : 204
Longest eps-match : 150
Avg match length  : 150


I/O options:
  database file   : ref.fasta
  query file      : tmp/valik/my_dir/query_0_5.fasta
  alphabet        : dna
  output file     : tmp/valik/my_dir/query_0_5.fasta.gff
  output format   : gff

User specified parameters:
  minimal match length             : 50
  maximal error rate (epsilon)     : 0.02 = (1/50)
  maximal x-drop                   : 5
  search forward strand            : yes
  search reverse complement        : yes

  verification strategy            : exact
  maximal number of matches        : 50
  duplicate removal every          : 500
  max low complexity repeat period : 1
  min low complexity repeat length : 10

Calculated parameters:
  k-mer length : 25
  s^min        : 25
  threshold    : 1
  distance cut : 25
  delta        : 16
  overlap      : 0

Loaded 3 query sequences.
Loaded sequence chr1.

Constructing index...

Aligning all query sequences to database sequence...
  chr1
    # SWIFT hits      : 220
    Longest hit       : 25
    Avg hit length    : 25
  chr1, complement

# Eps-matches     : 220
Longest eps-match : 150
Avg match length  : 150


I/O options:
  database file   : ref.fasta
  query file      : tmp/valik/my_dir/query_2_7.fasta
  alphabet        : dna
  output file     : tmp/valik/my_dir/query_2_7.fasta.gff
  output format   : gff

User specified parameters:
  minimal match length             : 50
  maximal error rate (epsilon)     : 0.02 = (1/50)
  maximal x-drop                   : 5
  search forward strand            : yes
  search reverse complement        : yes

  verification strategy            : exact
  maximal number of matches        : 50
  duplicate removal every          : 500
  max low complexity repeat period : 1
  min low complexity repeat length : 10

Calculated parameters:
  k-mer length : 25
  s^min        : 25
  threshold    : 1
  distance cut : 25
  delta        : 16
  overlap      : 0

Loaded 3 query sequences.
Loaded sequence chr3.

Constructing index...

Aligning all query sequences to database sequence...
  chr3
    # SWIFT hits      : 220
    Longest hit       : 25
    Avg hit length    : 25
  chr3, complement

# Eps-matches     : 220
Longest eps-match : 150
Avg match length  : 150


