stellar bin_7.fasta /tmp/valik/my_dir/query_7_0.fasta -e 0.000000 -l 100 -a dna -o /tmp/valik/my_dir/query_7_0.fasta.gff
stellar bin_4.fasta /tmp/valik/my_dir/query_4_0.fasta -e 0.000000 -l 100 -a dna -o /tmp/valik/my_dir/query_4_0.fasta.gff
stellar bin_2.fasta /tmp/valik/my_dir/query_2_0.fasta -e 0.000000 -l 100 -a dna -o /tmp/valik/my_dir/query_2_0.fasta.gff
stellar bin_1.fasta /tmp/valik/my_dir/query_1_0.fasta -e 0.000000 -l 100 -a dna -o /tmp/valik/my_dir/query_1_0.fasta.gff
stellar bin_0.fasta /tmp/valik/my_dir/query_0_0.fasta -e 0.000000 -l 100 -a dna -o /tmp/valik/my_dir/query_0_0.fasta.gff
stellar bin_6.fasta /tmp/valik/my_dir/query_6_0.fasta -e 0.000000 -l 100 -a dna -o /tmp/valik/my_dir/query_6_0.fasta.gff
stellar bin_5.fasta /tmp/valik/my_dir/query_5_0.fasta -e 0.000000 -l 100 -a dna -o /tmp/valik/my_dir/query_5_0.fasta.gff
stellar bin_3.fasta /tmp/valik/my_dir/query_3_0.fasta -e 0.000000 -l 100 -a dna -o /tmp/valik/my_dir/query_3_0.fasta.gff
