0	0,
1	0,
2	0,
3	0,2,
4	1,
5	1,2,4,
6	1,5,
7	1,5,
8	2,7,
9	2,
10	2,
11	2,
12	3,
13	3,
14	3,
15	3,4,
16	4,6,
17	4,6,
18	4,5,
19	4,6,
20	5,
21	5,6,
22	5,
23	5,6,
24	6,
25	6,7,
26	6,
27	6,
28	7,
29	7,
30	5,7,
31	7,
