0	
1	0,
2	0,
3	
4	1,
5	1,
6	1,
7	
8	2,
9	2,
10	
11	
12	3,
13	
14	
15	3,
16	
17	4,
18	4,
19	4,
20	
21	5,
22	5,
23	
24	6,
25	6,
26	
27	
28	7,
29	7,
30	7,
31	7,
