I/O options:
  database file   : multi_seq_ref.fasta
  query file      : query_e0.05.fasta
  alphabet        : dna5
  output file     : 0_243_374.gff
  output format   : gff

User specified parameters:
  minimal match length             : 50
  maximal error rate (epsilon)     : 0.05 = (1/20)
  maximal x-drop                   : 5
  search forward strand            : yes
  search reverse complement        : yes

  verification strategy            : exact
  maximal number of matches        : 50
  duplicate removal every          : 500
  threads                          : 1

Calculated parameters:
  k-mer length : 15
  s^min        : 15
  threshold    : 1
  distance cut : 45
  delta        : 16
  overlap      : 2

Loaded 1 query sequence.
Loaded sequence 1.

All matches matches resulting from your search have an E-value of: 
        8.09081e-18 or smaller  (match score = 1, error penalty = -2)

Constructing index...

Aligning all query sequences to database sequence...
  1
    # SWIFT hits      : 5
    Longest hit       : 77
    Avg hit length    : 41
  1, complement

# Eps-matches     : 3
Longest eps-match : 181
Avg match length  : 169
