I/O options:
  database file   : multi_seq_ref.fasta
  query file      : query_e0.05.fasta
  alphabet        : dna5
  output file     : 2_0_121.gff
  output format   : gff

User specified parameters:
  minimal match length             : 50
  maximal error rate (epsilon)     : 0.05 = (1/20)
  maximal x-drop                   : 5
  search forward strand            : yes
  search reverse complement        : yes

  verification strategy            : exact
  maximal number of matches        : 50
  duplicate removal every          : 500
  threads                          : 1

Calculated parameters:
  k-mer length : 15
  s^min        : 15
  threshold    : 1
  distance cut : 45
  delta        : 16
  overlap      : 2

Loaded 1 query sequence.
Loaded sequence 3.

All matches matches resulting from your search have an E-value of: 
        2.9014e-18 or smaller  (match score = 1, error penalty = -2)

Constructing index...

Aligning all query sequences to database sequence...
  3
    # SWIFT hits      : 3
    Longest hit       : 50
    Avg hit length    : 40
  3, complement

# Eps-matches     : 1
Longest eps-match : 174
Avg match length  : 174
