I/O options:
  database file   : multi_seq_ref.fasta
  query file      : /tmp/valik/stellar_call_x5LFoo/query_15_0.fasta
  alphabet        : dna
  output file     : /tmp/valik/stellar_call_x5LFoo/query_15_0.fasta.gff
  output format   : gff

User specified parameters:
  minimal match length             : 50
  maximal error rate (epsilon)     : 0.06 = (3/50)
  maximal x-drop                   : 5
  search forward strand            : yes
  search reverse complement        : yes

  verification strategy            : exact
  maximal number of matches        : 50
  duplicate removal every          : 500
  threads                          : 1

Calculated parameters:
  k-mer length : 12
  s^min        : 12
  threshold    : 3
  distance cut : 50
  delta        : 16
  overlap      : 3

Loaded 1 query sequence.
Loaded sequence 3.

Constructing index...

Aligning all query sequences to database sequence...
  3
  3, complement

# Eps-matches     : 1


I/O options:
  database file   : multi_seq_ref.fasta
  query file      : /tmp/valik/stellar_call_x5LFoo/query_14_0.fasta
  alphabet        : dna
  output file     : /tmp/valik/stellar_call_x5LFoo/query_14_0.fasta.gff
  output format   : gff

User specified parameters:
  minimal match length             : 50
  maximal error rate (epsilon)     : 0.06 = (3/50)
  maximal x-drop                   : 5
  search forward strand            : yes
  search reverse complement        : yes

  verification strategy            : exact
  maximal number of matches        : 50
  duplicate removal every          : 500
  threads                          : 1

Calculated parameters:
  k-mer length : 12
  s^min        : 12
  threshold    : 3
  distance cut : 50
  delta        : 16
  overlap      : 3

Loaded 1 query sequence.
Loaded sequence 3.

Constructing index...

Aligning all query sequences to database sequence...
  3
  3, complement

# Eps-matches     : 1


I/O options:
  database file   : multi_seq_ref.fasta
  query file      : /tmp/valik/stellar_call_x5LFoo/query_13_0.fasta
  alphabet        : dna
  output file     : /tmp/valik/stellar_call_x5LFoo/query_13_0.fasta.gff
  output format   : gff

User specified parameters:
  minimal match length             : 50
  maximal error rate (epsilon)     : 0.06 = (3/50)
  maximal x-drop                   : 5
  search forward strand            : yes
  search reverse complement        : yes

  verification strategy            : exact
  maximal number of matches        : 50
  duplicate removal every          : 500
  threads                          : 1

Calculated parameters:
  k-mer length : 12
  s^min        : 12
  threshold    : 3
  distance cut : 50
  delta        : 16
  overlap      : 3

Loaded 1 query sequence.
Loaded sequence 3.

Constructing index...

Aligning all query sequences to database sequence...
  3
  3, complement

# Eps-matches     : 1


I/O options:
  database file   : multi_seq_ref.fasta
  query file      : /tmp/valik/stellar_call_x5LFoo/query_12_0.fasta
  alphabet        : dna
  output file     : /tmp/valik/stellar_call_x5LFoo/query_12_0.fasta.gff
  output format   : gff

User specified parameters:
  minimal match length             : 50
  maximal error rate (epsilon)     : 0.06 = (3/50)
  maximal x-drop                   : 5
  search forward strand            : yes
  search reverse complement        : yes

  verification strategy            : exact
  maximal number of matches        : 50
  duplicate removal every          : 500
  threads                          : 1

Calculated parameters:
  k-mer length : 12
  s^min        : 12
  threshold    : 3
  distance cut : 50
  delta        : 16
  overlap      : 3

Loaded 1 query sequence.
Loaded sequence 2.

Constructing index...

Aligning all query sequences to database sequence...
  2
  2, complement

# Eps-matches     : 0


I/O options:
  database file   : multi_seq_ref.fasta
  query file      : /tmp/valik/stellar_call_x5LFoo/query_11_0.fasta
  alphabet        : dna
  output file     : /tmp/valik/stellar_call_x5LFoo/query_11_0.fasta.gff
  output format   : gff

User specified parameters:
  minimal match length             : 50
  maximal error rate (epsilon)     : 0.06 = (3/50)
  maximal x-drop                   : 5
  search forward strand            : yes
  search reverse complement        : yes

  verification strategy            : exact
  maximal number of matches        : 50
  duplicate removal every          : 500
  threads                          : 1

Calculated parameters:
  k-mer length : 12
  s^min        : 12
  threshold    : 3
  distance cut : 50
  delta        : 16
  overlap      : 3

Loaded 1 query sequence.
Loaded sequence 2.

Constructing index...

Aligning all query sequences to database sequence...
  2
  2, complement

# Eps-matches     : 1


I/O options:
  database file   : multi_seq_ref.fasta
  query file      : /tmp/valik/stellar_call_x5LFoo/query_10_0.fasta
  alphabet        : dna
  output file     : /tmp/valik/stellar_call_x5LFoo/query_10_0.fasta.gff
  output format   : gff

User specified parameters:
  minimal match length             : 50
  maximal error rate (epsilon)     : 0.06 = (3/50)
  maximal x-drop                   : 5
  search forward strand            : yes
  search reverse complement        : yes

  verification strategy            : exact
  maximal number of matches        : 50
  duplicate removal every          : 500
  threads                          : 1

Calculated parameters:
  k-mer length : 12
  s^min        : 12
  threshold    : 3
  distance cut : 50
  delta        : 16
  overlap      : 3

Loaded 1 query sequence.
Loaded sequence 2.

Constructing index...

Aligning all query sequences to database sequence...
  2
  2, complement

# Eps-matches     : 1


I/O options:
  database file   : multi_seq_ref.fasta
  query file      : /tmp/valik/stellar_call_x5LFoo/query_9_0.fasta
  alphabet        : dna
  output file     : /tmp/valik/stellar_call_x5LFoo/query_9_0.fasta.gff
  output format   : gff

User specified parameters:
  minimal match length             : 50
  maximal error rate (epsilon)     : 0.06 = (3/50)
  maximal x-drop                   : 5
  search forward strand            : yes
  search reverse complement        : yes

  verification strategy            : exact
  maximal number of matches        : 50
  duplicate removal every          : 500
  threads                          : 1

Calculated parameters:
  k-mer length : 12
  s^min        : 12
  threshold    : 3
  distance cut : 50
  delta        : 16
  overlap      : 3

Loaded 1 query sequence.
Loaded sequence 2.

Constructing index...

Aligning all query sequences to database sequence...
  2
  2, complement

# Eps-matches     : 3


I/O options:
  database file   : multi_seq_ref.fasta
  query file      : /tmp/valik/stellar_call_x5LFoo/query_8_0.fasta
  alphabet        : dna
  output file     : /tmp/valik/stellar_call_x5LFoo/query_8_0.fasta.gff
  output format   : gff

User specified parameters:
  minimal match length             : 50
  maximal error rate (epsilon)     : 0.06 = (3/50)
  maximal x-drop                   : 5
  search forward strand            : yes
  search reverse complement        : yes

  verification strategy            : exact
  maximal number of matches        : 50
  duplicate removal every          : 500
  threads                          : 1

Calculated parameters:
  k-mer length : 12
  s^min        : 12
  threshold    : 3
  distance cut : 50
  delta        : 16
  overlap      : 3

Loaded 1 query sequence.
Loaded sequence 2.

Constructing index...

Aligning all query sequences to database sequence...
  2
  2, complement

# Eps-matches     : 4


I/O options:
  database file   : multi_seq_ref.fasta
  query file      : /tmp/valik/stellar_call_x5LFoo/query_7_0.fasta
  alphabet        : dna
  output file     : /tmp/valik/stellar_call_x5LFoo/query_7_0.fasta.gff
  output format   : gff

User specified parameters:
  minimal match length             : 50
  maximal error rate (epsilon)     : 0.06 = (3/50)
  maximal x-drop                   : 5
  search forward strand            : yes
  search reverse complement        : yes

  verification strategy            : exact
  maximal number of matches        : 50
  duplicate removal every          : 500
  threads                          : 1

Calculated parameters:
  k-mer length : 12
  s^min        : 12
  threshold    : 3
  distance cut : 50
  delta        : 16
  overlap      : 3

Loaded 1 query sequence.
Loaded sequence 2.

Constructing index...

Aligning all query sequences to database sequence...
  2
  2, complement

# Eps-matches     : 2


I/O options:
  database file   : multi_seq_ref.fasta
  query file      : /tmp/valik/stellar_call_x5LFoo/query_6_0.fasta
  alphabet        : dna
  output file     : /tmp/valik/stellar_call_x5LFoo/query_6_0.fasta.gff
  output format   : gff

User specified parameters:
  minimal match length             : 50
  maximal error rate (epsilon)     : 0.06 = (3/50)
  maximal x-drop                   : 5
  search forward strand            : yes
  search reverse complement        : yes

  verification strategy            : exact
  maximal number of matches        : 50
  duplicate removal every          : 500
  threads                          : 1

Calculated parameters:
  k-mer length : 12
  s^min        : 12
  threshold    : 3
  distance cut : 50
  delta        : 16
  overlap      : 3

Loaded 1 query sequence.
Loaded sequence 1.

Constructing index...

Aligning all query sequences to database sequence...
  1
  1, complement

# Eps-matches     : 1


I/O options:
  database file   : multi_seq_ref.fasta
  query file      : /tmp/valik/stellar_call_x5LFoo/query_5_0.fasta
  alphabet        : dna
  output file     : /tmp/valik/stellar_call_x5LFoo/query_5_0.fasta.gff
  output format   : gff

User specified parameters:
  minimal match length             : 50
  maximal error rate (epsilon)     : 0.06 = (3/50)
  maximal x-drop                   : 5
  search forward strand            : yes
  search reverse complement        : yes

  verification strategy            : exact
  maximal number of matches        : 50
  duplicate removal every          : 500
  threads                          : 1

Calculated parameters:
  k-mer length : 12
  s^min        : 12
  threshold    : 3
  distance cut : 50
  delta        : 16
  overlap      : 3

Loaded 1 query sequence.
Loaded sequence 1.

Constructing index...

Aligning all query sequences to database sequence...
  1
  1, complement

# Eps-matches     : 2


I/O options:
  database file   : multi_seq_ref.fasta
  query file      : /tmp/valik/stellar_call_x5LFoo/query_4_0.fasta
  alphabet        : dna
  output file     : /tmp/valik/stellar_call_x5LFoo/query_4_0.fasta.gff
  output format   : gff

User specified parameters:
  minimal match length             : 50
  maximal error rate (epsilon)     : 0.06 = (3/50)
  maximal x-drop                   : 5
  search forward strand            : yes
  search reverse complement        : yes

  verification strategy            : exact
  maximal number of matches        : 50
  duplicate removal every          : 500
  threads                          : 1

Calculated parameters:
  k-mer length : 12
  s^min        : 12
  threshold    : 3
  distance cut : 50
  delta        : 16
  overlap      : 3

Loaded 1 query sequence.
Loaded sequence 1.

Constructing index...

Aligning all query sequences to database sequence...
  1
  1, complement

# Eps-matches     : 2


I/O options:
  database file   : multi_seq_ref.fasta
  query file      : /tmp/valik/stellar_call_x5LFoo/query_3_0.fasta
  alphabet        : dna
  output file     : /tmp/valik/stellar_call_x5LFoo/query_3_0.fasta.gff
  output format   : gff

User specified parameters:
  minimal match length             : 50
  maximal error rate (epsilon)     : 0.06 = (3/50)
  maximal x-drop                   : 5
  search forward strand            : yes
  search reverse complement        : yes

  verification strategy            : exact
  maximal number of matches        : 50
  duplicate removal every          : 500
  threads                          : 1

Calculated parameters:
  k-mer length : 12
  s^min        : 12
  threshold    : 3
  distance cut : 50
  delta        : 16
  overlap      : 3

Loaded 1 query sequence.
Loaded sequence 1.

Constructing index...

Aligning all query sequences to database sequence...
  1
  1, complement

# Eps-matches     : 3


I/O options:
  database file   : multi_seq_ref.fasta
  query file      : /tmp/valik/stellar_call_x5LFoo/query_2_0.fasta
  alphabet        : dna
  output file     : /tmp/valik/stellar_call_x5LFoo/query_2_0.fasta.gff
  output format   : gff

User specified parameters:
  minimal match length             : 50
  maximal error rate (epsilon)     : 0.06 = (3/50)
  maximal x-drop                   : 5
  search forward strand            : yes
  search reverse complement        : yes

  verification strategy            : exact
  maximal number of matches        : 50
  duplicate removal every          : 500
  threads                          : 1

Calculated parameters:
  k-mer length : 12
  s^min        : 12
  threshold    : 3
  distance cut : 50
  delta        : 16
  overlap      : 3

Loaded 1 query sequence.
Loaded sequence 1.

Constructing index...

Aligning all query sequences to database sequence...
  1
  1, complement

# Eps-matches     : 3


I/O options:
  database file   : multi_seq_ref.fasta
  query file      : /tmp/valik/stellar_call_x5LFoo/query_1_0.fasta
  alphabet        : dna
  output file     : /tmp/valik/stellar_call_x5LFoo/query_1_0.fasta.gff
  output format   : gff

User specified parameters:
  minimal match length             : 50
  maximal error rate (epsilon)     : 0.06 = (3/50)
  maximal x-drop                   : 5
  search forward strand            : yes
  search reverse complement        : yes

  verification strategy            : exact
  maximal number of matches        : 50
  duplicate removal every          : 500
  threads                          : 1

Calculated parameters:
  k-mer length : 12
  s^min        : 12
  threshold    : 3
  distance cut : 50
  delta        : 16
  overlap      : 3

Loaded 1 query sequence.
Loaded sequence 1.

Constructing index...

Aligning all query sequences to database sequence...
  1
  1, complement

# Eps-matches     : 4


I/O options:
  database file   : multi_seq_ref.fasta
  query file      : /tmp/valik/stellar_call_x5LFoo/query_0_0.fasta
  alphabet        : dna
  output file     : /tmp/valik/stellar_call_x5LFoo/query_0_0.fasta.gff
  output format   : gff

User specified parameters:
  minimal match length             : 50
  maximal error rate (epsilon)     : 0.06 = (3/50)
  maximal x-drop                   : 5
  search forward strand            : yes
  search reverse complement        : yes

  verification strategy            : exact
  maximal number of matches        : 50
  duplicate removal every          : 500
  threads                          : 1

Calculated parameters:
  k-mer length : 12
  s^min        : 12
  threshold    : 3
  distance cut : 50
  delta        : 16
  overlap      : 3

Loaded 1 query sequence.
Loaded sequence 1.

Constructing index...

Aligning all query sequences to database sequence...
  1
  1, complement

# Eps-matches     : 2


