I/O options:
  database file   : multi_seq_ref.fasta
  query file      : /tmp/valik/stellar_call_iIVcaz/query_7_0.fasta
  alphabet        : dna5
  output file     : /tmp/valik/stellar_call_iIVcaz/query_7_0.fasta.gff
  output format   : gff

User specified parameters:
  minimal match length             : 50
  maximal error rate (epsilon)     : 0.06 = (3/50)
  maximal x-drop                   : 5
  search forward strand            : yes
  search reverse complement        : yes

  verification strategy            : exact
  maximal number of matches        : 50
  duplicate removal every          : 500
  threads                          : 1

Calculated parameters:
  k-mer length : 12
  s^min        : 12
  threshold    : 3
  distance cut : 50
  delta        : 16
  overlap      : 3

Loaded 1 query sequence.
Loaded sequence 3.

All matches resulting from your search have an E-value of: 
        6.4259e-16 or smaller  (match score = 1, error penalty = -2)

Constructing index...

Aligning all query sequences to database sequence...
  3
  3, complement

# Eps-matches     : 1


I/O options:
  database file   : multi_seq_ref.fasta
  query file      : /tmp/valik/stellar_call_iIVcaz/query_6_0.fasta
  alphabet        : dna5
  output file     : /tmp/valik/stellar_call_iIVcaz/query_6_0.fasta.gff
  output format   : gff

User specified parameters:
  minimal match length             : 50
  maximal error rate (epsilon)     : 0.06 = (3/50)
  maximal x-drop                   : 5
  search forward strand            : yes
  search reverse complement        : yes

  verification strategy            : exact
  maximal number of matches        : 50
  duplicate removal every          : 500
  threads                          : 1

Calculated parameters:
  k-mer length : 12
  s^min        : 12
  threshold    : 3
  distance cut : 50
  delta        : 16
  overlap      : 3

Loaded 1 query sequence.
Loaded sequence 2.

All matches resulting from your search have an E-value of: 
        6.4259e-16 or smaller  (match score = 1, error penalty = -2)

Constructing index...

Aligning all query sequences to database sequence...
  2
  2, complement

# Eps-matches     : 1


I/O options:
  database file   : multi_seq_ref.fasta
  query file      : /tmp/valik/stellar_call_iIVcaz/query_5_0.fasta
  alphabet        : dna5
  output file     : /tmp/valik/stellar_call_iIVcaz/query_5_0.fasta.gff
  output format   : gff

User specified parameters:
  minimal match length             : 50
  maximal error rate (epsilon)     : 0.06 = (3/50)
  maximal x-drop                   : 5
  search forward strand            : yes
  search reverse complement        : yes

  verification strategy            : exact
  maximal number of matches        : 50
  duplicate removal every          : 500
  threads                          : 1

Calculated parameters:
  k-mer length : 12
  s^min        : 12
  threshold    : 3
  distance cut : 50
  delta        : 16
  overlap      : 3

Loaded 1 query sequence.
Loaded sequence 2.

All matches resulting from your search have an E-value of: 
        6.4259e-16 or smaller  (match score = 1, error penalty = -2)

Constructing index...

Aligning all query sequences to database sequence...
  2
  2, complement

# Eps-matches     : 3


I/O options:
  database file   : multi_seq_ref.fasta
  query file      : /tmp/valik/stellar_call_iIVcaz/query_4_0.fasta
  alphabet        : dna5
  output file     : /tmp/valik/stellar_call_iIVcaz/query_4_0.fasta.gff
  output format   : gff

User specified parameters:
  minimal match length             : 50
  maximal error rate (epsilon)     : 0.06 = (3/50)
  maximal x-drop                   : 5
  search forward strand            : yes
  search reverse complement        : yes

  verification strategy            : exact
  maximal number of matches        : 50
  duplicate removal every          : 500
  threads                          : 1

Calculated parameters:
  k-mer length : 12
  s^min        : 12
  threshold    : 3
  distance cut : 50
  delta        : 16
  overlap      : 3

Loaded 1 query sequence.
Loaded sequence 2.

All matches resulting from your search have an E-value of: 
        6.4259e-16 or smaller  (match score = 1, error penalty = -2)

Constructing index...

Aligning all query sequences to database sequence...
  2
  2, complement

# Eps-matches     : 4


I/O options:
  database file   : multi_seq_ref.fasta
  query file      : /tmp/valik/stellar_call_iIVcaz/query_3_0.fasta
  alphabet        : dna5
  output file     : /tmp/valik/stellar_call_iIVcaz/query_3_0.fasta.gff
  output format   : gff

User specified parameters:
  minimal match length             : 50
  maximal error rate (epsilon)     : 0.06 = (3/50)
  maximal x-drop                   : 5
  search forward strand            : yes
  search reverse complement        : yes

  verification strategy            : exact
  maximal number of matches        : 50
  duplicate removal every          : 500
  threads                          : 1

Calculated parameters:
  k-mer length : 12
  s^min        : 12
  threshold    : 3
  distance cut : 50
  delta        : 16
  overlap      : 3

Loaded 1 query sequence.
Loaded sequence 1.

All matches resulting from your search have an E-value of: 
        6.4259e-16 or smaller  (match score = 1, error penalty = -2)

Constructing index...

Aligning all query sequences to database sequence...
  1
  1, complement

# Eps-matches     : 1


I/O options:
  database file   : multi_seq_ref.fasta
  query file      : /tmp/valik/stellar_call_iIVcaz/query_2_0.fasta
  alphabet        : dna5
  output file     : /tmp/valik/stellar_call_iIVcaz/query_2_0.fasta.gff
  output format   : gff

User specified parameters:
  minimal match length             : 50
  maximal error rate (epsilon)     : 0.06 = (3/50)
  maximal x-drop                   : 5
  search forward strand            : yes
  search reverse complement        : yes

  verification strategy            : exact
  maximal number of matches        : 50
  duplicate removal every          : 500
  threads                          : 1

Calculated parameters:
  k-mer length : 12
  s^min        : 12
  threshold    : 3
  distance cut : 50
  delta        : 16
  overlap      : 3

Loaded 1 query sequence.
Loaded sequence 1.

All matches resulting from your search have an E-value of: 
        6.4259e-16 or smaller  (match score = 1, error penalty = -2)

Constructing index...

Aligning all query sequences to database sequence...
  1
  1, complement

# Eps-matches     : 2


I/O options:
  database file   : multi_seq_ref.fasta
  query file      : /tmp/valik/stellar_call_iIVcaz/query_1_0.fasta
  alphabet        : dna5
  output file     : /tmp/valik/stellar_call_iIVcaz/query_1_0.fasta.gff
  output format   : gff

User specified parameters:
  minimal match length             : 50
  maximal error rate (epsilon)     : 0.06 = (3/50)
  maximal x-drop                   : 5
  search forward strand            : yes
  search reverse complement        : yes

  verification strategy            : exact
  maximal number of matches        : 50
  duplicate removal every          : 500
  threads                          : 1

Calculated parameters:
  k-mer length : 12
  s^min        : 12
  threshold    : 3
  distance cut : 50
  delta        : 16
  overlap      : 3

Loaded 1 query sequence.
Loaded sequence 1.

All matches resulting from your search have an E-value of: 
        6.4259e-16 or smaller  (match score = 1, error penalty = -2)

Constructing index...

Aligning all query sequences to database sequence...
  1
  1, complement

# Eps-matches     : 4


I/O options:
  database file   : multi_seq_ref.fasta
  query file      : /tmp/valik/stellar_call_iIVcaz/query_0_0.fasta
  alphabet        : dna5
  output file     : /tmp/valik/stellar_call_iIVcaz/query_0_0.fasta.gff
  output format   : gff

User specified parameters:
  minimal match length             : 50
  maximal error rate (epsilon)     : 0.06 = (3/50)
  maximal x-drop                   : 5
  search forward strand            : yes
  search reverse complement        : yes

  verification strategy            : exact
  maximal number of matches        : 50
  duplicate removal every          : 500
  threads                          : 1

Calculated parameters:
  k-mer length : 12
  s^min        : 12
  threshold    : 3
  distance cut : 50
  delta        : 16
  overlap      : 3

Loaded 1 query sequence.
Loaded sequence 1.

All matches resulting from your search have an E-value of: 
        6.4259e-16 or smaller  (match score = 1, error penalty = -2)

Constructing index...

Aligning all query sequences to database sequence...
  1
  1, complement

# Eps-matches     : 4


