I/O options:
  database file   : multi_seq_ref.fasta
  query file      : query_e0.05.fasta
  alphabet        : dna5
  output file     : full.gff
  output format   : gff

User specified parameters:
  minimal match length             : 50
  maximal error rate (epsilon)     : 0.05 = (1/20)
  maximal x-drop                   : 5
  search forward strand            : yes
  search reverse complement        : yes

  verification strategy            : exact
  maximal number of matches        : 50
  duplicate removal every          : 500
  threads                          : 1

Calculated parameters:
  k-mer length : 15
  s^min        : 15
  threshold    : 1
  distance cut : 45
  delta        : 16
  overlap      : 2

Loaded 1 query sequence.
Loaded 3 database sequences.

All matches matches resulting from your search have an E-value of: 
        8.09081e-18 or smaller  (match score = 1, error penalty = -2)

Constructing index...

Aligning all query sequences to database sequence...
  1
    # SWIFT hits      : 10
    Longest hit       : 156
    Avg hit length    : 70
  2
    # SWIFT hits      : 6
    Longest hit       : 164
    Avg hit length    : 77
  3
    # SWIFT hits      : 3
    Longest hit       : 93
    Avg hit length    : 54
  1, complement
  2, complement
  3, complement

# Eps-matches     : 11
Longest eps-match : 196
Avg match length  : 142
