0 start_position=5774,length=150,errors=3,reference_id='1',reference_file='single_reference.fasta'	0,1,2,
1 start_position=3250,length=150,errors=3,reference_id='1',reference_file='single_reference.fasta'	1,
2 start_position=1596,length=150,errors=3,reference_id='1',reference_file='single_reference.fasta'	0,
3 start_position=2384,length=150,errors=3,reference_id='1',reference_file='single_reference.fasta'	0,2,
4 start_position=4161,length=150,errors=3,reference_id='1',reference_file='single_reference.fasta'	1,2,3,
5 start_position=1533,length=150,errors=3,reference_id='1',reference_file='single_reference.fasta'	0,1,2,3,
6 start_position=8246,length=150,errors=3,reference_id='1',reference_file='single_reference.fasta'	0,1,3,
7 start_position=5249,length=150,errors=3,reference_id='1',reference_file='single_reference.fasta'	0,2,
8 start_position=6673,length=150,errors=3,reference_id='1',reference_file='single_reference.fasta'	0,1,2,
9 start_position=2245,length=150,errors=3,reference_id='1',reference_file='single_reference.fasta'	0,1,
