--version-check 0 -a dna single_reference.fasta tmp/valik/my_dir/query_1_0.fasta --referenceLength 10240 --sequenceOfInterest 0 --segmentBegin 2523 --segmentEnd 5196 -e 0.020000 -l 50 -o tmp/valik/my_dir/query_1_0.fasta.gff
--version-check 0 -a dna single_reference.fasta tmp/valik/my_dir/query_3_0.fasta --referenceLength 10240 --sequenceOfInterest 0 --segmentBegin 7569 --segmentEnd 10240 -e 0.020000 -l 50 -o tmp/valik/my_dir/query_3_0.fasta.gff
--version-check 0 -a dna single_reference.fasta tmp/valik/my_dir/query_2_0.fasta --referenceLength 10240 --sequenceOfInterest 0 --segmentBegin 5046 --segmentEnd 7719 -e 0.020000 -l 50 -o tmp/valik/my_dir/query_2_0.fasta.gff
--version-check 0 -a dna single_reference.fasta tmp/valik/my_dir/query_0_0.fasta --referenceLength 10240 --sequenceOfInterest 0 --segmentBegin 0 --segmentEnd 2673 -e 0.020000 -l 50 -o tmp/valik/my_dir/query_0_0.fasta.gff
--version-check 0 -a dna single_reference.fasta tmp/valik/my_dir/query_1_1.fasta --referenceLength 10240 --sequenceOfInterest 0 --segmentBegin 2523 --segmentEnd 5196 -e 0.020000 -l 50 -o tmp/valik/my_dir/query_1_1.fasta.gff
--version-check 0 -a dna single_reference.fasta tmp/valik/my_dir/query_0_1.fasta --referenceLength 10240 --sequenceOfInterest 0 --segmentBegin 0 --segmentEnd 2673 -e 0.020000 -l 50 -o tmp/valik/my_dir/query_0_1.fasta.gff
--version-check 0 -a dna single_reference.fasta tmp/valik/my_dir/query_2_1.fasta --referenceLength 10240 --sequenceOfInterest 0 --segmentBegin 5046 --segmentEnd 7719 -e 0.020000 -l 50 -o tmp/valik/my_dir/query_2_1.fasta.gff
--version-check 0 -a dna single_reference.fasta tmp/valik/my_dir/query_3_1.fasta --referenceLength 10240 --sequenceOfInterest 0 --segmentBegin 7569 --segmentEnd 10240 -e 0.020000 -l 50 -o tmp/valik/my_dir/query_3_1.fasta.gff
--version-check 0 -a dna single_reference.fasta tmp/valik/my_dir/query_0_2.fasta --referenceLength 10240 --sequenceOfInterest 0 --segmentBegin 0 --segmentEnd 2673 -e 0.020000 -l 50 -o tmp/valik/my_dir/query_0_2.fasta.gff
