0 start_position=5774,length=150,errors=3,reference_id='1',reference_file='single_reference.fasta'	8,9,
1 start_position=3250,length=150,errors=3,reference_id='1',reference_file='single_reference.fasta'	4,5,
2 start_position=1596,length=150,errors=3,reference_id='1',reference_file='single_reference.fasta'	2,
3 start_position=2384,length=150,errors=3,reference_id='1',reference_file='single_reference.fasta'	3,
4 start_position=4161,length=150,errors=3,reference_id='1',reference_file='single_reference.fasta'	6,
5 start_position=1533,length=150,errors=3,reference_id='1',reference_file='single_reference.fasta'	2,
6 start_position=8246,length=150,errors=3,reference_id='1',reference_file='single_reference.fasta'	12,13,
7 start_position=5249,length=150,errors=3,reference_id='1',reference_file='single_reference.fasta'	8,
8 start_position=6673,length=150,errors=3,reference_id='1',reference_file='single_reference.fasta'	10,
9 start_position=2245,length=150,errors=3,reference_id='1',reference_file='single_reference.fasta'	3,
